Using pre-set license
Built from '2022.3/respin/2022.3.62f2-4af31df585-v2' branch; Version is '2022.3.62f3 (96770f904ca7) revision 9860879'; Using compiler version '192829333'; Build Type 'Release'
OS: 'Windows 10  (10.0.19045) 64bit Professional' Language: 'ru' Physical Memory: 16303 MB
BatchMode: 1, IsHumanControllingUs: 0, StartBugReporterOnCrash: 0, Is64bit: 1, IsPro: 1

COMMAND LINE ARGUMENTS:
C:\Program Files\Unity 2022.3.62f3\Editor\Unity.exe
-adb2
-batchMode
-noUpm
-name
AssetImportWorker4
-projectPath
C:/Users/Pupil1/Documents/GitHub/Shooter/shooterrr
-logFile
Logs/AssetImportWorker4.log
-srvPort
62373
Successfully changed project path to: C:/Users/Pupil1/Documents/GitHub/Shooter/shooterrr
C:/Users/Pupil1/Documents/GitHub/Shooter/shooterrr
[UnityMemory] Configuration Parameters - Can be set up in boot.config
    "memorysetup-bucket-allocator-granularity=16"
    "memorysetup-bucket-allocator-bucket-count=8"
    "memorysetup-bucket-allocator-block-size=33554432"
    "memorysetup-bucket-allocator-block-count=8"
    "memorysetup-main-allocator-block-size=16777216"
    "memorysetup-thread-allocator-block-size=16777216"
    "memorysetup-gfx-main-allocator-block-size=16777216"
    "memorysetup-gfx-thread-allocator-block-size=16777216"
    "memorysetup-cache-allocator-block-size=4194304"
    "memorysetup-typetree-allocator-block-size=2097152"
    "memorysetup-profiler-bucket-allocator-granularity=16"
    "memorysetup-profiler-bucket-allocator-bucket-count=8"
    "memorysetup-profiler-bucket-allocator-block-size=33554432"
    "memorysetup-profiler-bucket-allocator-block-count=8"
    "memorysetup-profiler-allocator-block-size=16777216"
    "memorysetup-profiler-editor-allocator-block-size=1048576"
    "memorysetup-temp-allocator-size-main=16777216"
    "memorysetup-job-temp-allocator-block-size=2097152"
    "memorysetup-job-temp-allocator-block-size-background=1048576"
    "memorysetup-job-temp-allocator-reduction-small-platforms=262144"
    "memorysetup-allocator-temp-initial-block-size-main=262144"
    "memorysetup-allocator-temp-initial-block-size-worker=262144"
    "memorysetup-temp-allocator-size-background-worker=32768"
    "memorysetup-temp-allocator-size-job-worker=262144"
    "memorysetup-temp-allocator-size-preload-manager=33554432"
    "memorysetup-temp-allocator-size-nav-mesh-worker=65536"
    "memorysetup-temp-allocator-size-audio-worker=65536"
    "memorysetup-temp-allocator-size-cloud-worker=32768"
    "memorysetup-temp-allocator-size-gi-baking-worker=262144"
    "memorysetup-temp-allocator-size-gfx=262144"
Player connection [1944]  Target information:

Player connection [1944]  * "[IP] 100.115.32.145 [Port] 0 [Flags] 2 [Guid] 2044997868 [EditorId] 2044997868 [Version] 1048832 [Id] WindowsEditor(7,DESKTOP-USMMIMO) [Debug] 1 [PackageName] WindowsEditor [ProjectName] Editor" 

Player connection [1944] Host joined multi-casting on [225.0.0.222:54997]...
Player connection [1944] Host joined alternative multi-casting on [225.0.0.222:34997]...
Input System module state changed to: Initialized.
[PhysX] Initialized MultithreadedTaskDispatcher with 12 workers.
Refreshing native plugins compatible for Editor in 16.74 ms, found 4 plugins.
Preloading 0 native plugins for Editor in 0.00 ms.
Initialize engine version: 2022.3.62f3 (96770f904ca7)
[Subsystems] Discovering subsystems at path C:/Program Files/Unity 2022.3.62f3/Editor/Data/Resources/UnitySubsystems
[Subsystems] Discovering subsystems at path C:/Users/Pupil1/Documents/GitHub/Shooter/shooterrr/Assets
GfxDevice: creating device client; threaded=0; jobified=0
Direct3D:
    Version:  Direct3D 11.0 [level 11.1]
    Renderer: NVIDIA GeForce GTX 1660 (ID=0x2184)
    Vendor:   NVIDIA
    VRAM:     5991 MB
    Driver:   27.21.14.5751
Initialize mono
Mono path[0] = 'C:/Program Files/Unity 2022.3.62f3/Editor/Data/Managed'
Mono path[1] = 'C:/Program Files/Unity 2022.3.62f3/Editor/Data/MonoBleedingEdge/lib/mono/unityjit-win32'
Mono config path = 'C:/Program Files/Unity 2022.3.62f3/Editor/Data/MonoBleedingEdge/etc'
Using monoOptions --debugger-agent=transport=dt_socket,embedding=1,server=y,suspend=n,address=127.0.0.1:56048
Begin MonoManager ReloadAssembly
Registering precompiled unity dll's ...
Register platform support module: C:/Program Files/Unity 2022.3.62f3/Editor/Data/PlaybackEngines/WindowsStandaloneSupport/UnityEditor.WindowsStandalone.Extensions.dll
Registered in 0.008922 seconds.
- Loaded All Assemblies, in  0.346 seconds
Native extension for WindowsStandalone target not found
Mono: successfully reloaded assembly
- Finished resetting the current domain, in  0.246 seconds
Domain Reload Profiling: 590ms
	BeginReloadAssembly (113ms)
		ExecutionOrderSort (0ms)
		DisableScriptedObjects (0ms)
		BackupInstance (0ms)
		ReleaseScriptingObjects (0ms)
		CreateAndSetChildDomain (1ms)
	RebuildCommonClasses (34ms)
	RebuildNativeTypeToScriptingClass (10ms)
	initialDomainReloadingComplete (59ms)
	LoadAllAssembliesAndSetupDomain (127ms)
		LoadAssemblies (110ms)
		RebuildTransferFunctionScriptingTraits (0ms)
		AnalyzeDomain (126ms)
			TypeCache.Refresh (124ms)
				TypeCache.ScanAssembly (111ms)
			ScanForSourceGeneratedMonoScriptInfo (0ms)
			ResolveRequiredComponents (0ms)
	FinalizeReload (247ms)
		ReleaseScriptCaches (0ms)
		RebuildScriptCaches (0ms)
		SetupLoadedEditorAssemblies (201ms)
			LogAssemblyErrors (0ms)
			InitializePlatformSupportModulesInManaged (9ms)
			SetLoadedEditorAssemblies (7ms)
			RefreshPlugins (0ms)
			BeforeProcessingInitializeOnLoad (2ms)
			ProcessInitializeOnLoadAttributes (136ms)
			ProcessInitializeOnLoadMethodAttributes (47ms)
			AfterProcessingInitializeOnLoad (0ms)
			EditorAssembliesLoaded (0ms)
		ExecutionOrderSort2 (0ms)
		AwakeInstancesAfterBackupRestoration (0ms)
========================================================================
Worker process is ready to serve import requests
Caller must complete domain reload
Begin MonoManager ReloadAssembly
Could not allocate memory: System out of memory!
Trying to allocate: 5206529B with 16 alignment. MemoryLabel: Serialization
Allocation happened at: Line:525 in C:\build\output\unity\unity\Runtime\Core\Containers\StringStorageDefault.h
Memory overview

[ ALLOC_TEMP_TLS ] used: 5225996B | peak: 0B | reserved: 22937600B 
[ ALLOC_MEMORYPROFILER ] used: 646864B | peak: 646864B | reserved: 1048576B 
[ ALLOC_DEFAULT ] used: 135351400B | peak: 0B | reserved: 159567872B 
[ ALLOC_TEMP_JOB_1_FRAME ] used: 0B | peak: 0B | reserved: 0B 
[ ALLOC_TEMP_JOB_2_FRAMES ] used: 0B | peak: 0B | reserved: 0B 
[ ALLOC_TEMP_JOB_4_FRAMES (JobTemp) ] used: 0B | peak: 0B | reserved: 2097152B 
[ ALLOC_TEMP_JOB_ASYNC (Background) ] used: 0B | peak: 0B | reserved: 1048576B 
[ ALLOC_GFX ] used: 71416B | peak: 0B | reserved: 16777216B 
[ ALLOC_CACHEOBJECTS ] used: 89132035B | peak: 0B | reserved: 93102080B 
[ ALLOC_TYPETREE ] used: 18522952B | peak: 0B | reserved: 20971520B 
[ ALLOC_PROFILER ] used: 54160B | peak: 65248B | reserved: 16777216B 
[ ALLOC_PROFILER_EDITOR ] used: 0B | peak: 0B | reserved: 0B 
Could not allocate memory: System out of memory!
Trying to allocate: 5206529B with 16 alignment. MemoryLabel: Serialization
Allocation happened at: Line:525 in C:\build\output\unity\unity\Runtime\Core\Containers\StringStorageDefault.h
Memory overview

[ ALLOC_TEMP_TLS ] used: 5225996B | peak: 0B | reserved: 22937600B 
[ ALLOC_MEMORYPROFILER ] used: 646864B | peak: 646864B | reserved: 1048576B 
[ ALLOC_DEFAULT ] used: 135351400B | peak: 0B | reserved: 159567872B 
[ ALLOC_TEMP_JOB_1_FRAME ] used: 0B | peak: 0B | reserved: 0B 
[ ALLOC_TEMP_JOB_2_FRAMES ] used: 0B | peak: 0B | reserved: 0B 
[ ALLOC_TEMP_JOB_4_FRAMES (JobTemp) ] used: 0B | peak: 0B | reserved: 2097152B 
[ ALLOC_TEMP_JOB_ASYNC (Background) ] used: 0B | peak: 0B | reserved: 1048576B 
[ ALLOC_GFX ] used: 71416B | peak: 0B | reserved: 16777216B 
[ ALLOC_CACHEOBJECTS ] used: 89132035B | peak: 0B | reserved: 93102080B 
[ ALLOC_TYPETREE ] used: 18522952B | peak: 0B | reserved: 20971520B 
[ ALLOC_PROFILER ] used: 54160B | peak: 65248B | reserved: 16777216B 
[ ALLOC_PROFILER_EDITOR ] used: 0B | peak: 0B | reserved: 0B 
Fatal Error! Could not allocate memory: System out of memory!
Trying to allocate: 5206529B with 16 alignment. MemoryLabel: Serialization
Allocation happened at: Line:525 in C:\build\output\unity\unity\Runtime\Core\Containers\StringStorageDefault.h
Memory overview

[ ALLOC_TEMP_TLS ] used: 5225996B | peak: 0B | reserved: 22937600B 
[ ALLOC_MEMORYPROFILER ] used: 646864B | peak: 646864B | reserved: 1048576B 
[ ALLOC_DEFAULT ] used: 135351400B | peak: 0B | reserved: 159567872B 
[ ALLOC_TEMP_JOB_1_FRAME ] used: 0B | peak: 0B | reserved: 0B 
[ ALLOC_TEMP_JOB_2_FRAMES ] used: 0B | peak: 0B | reserved: 0B 
[ ALLOC_TEMP_JOB_4_FRAMES (JobTemp) ] used: 0B | peak: 0B | reserved: 2097152B 
[ ALLOC_TEMP_JOB_ASYNC (Background) ] used: 0B | peak: 0B | reserved: 1048576B 
[ ALLOC_GFX ] used: 71416B | peak: 0B | reserved: 16777216B 
[ ALLOC_CACHEOBJECTS ] used: 89132035B | peak: 0B | reserved: 93102080B 
[ ALLOC_TYPETREE ] used: 18522952B | peak: 0B | reserved: 20971520B 
[ ALLOC_PROFILER ] used: 54160B | peak: 65248B | reserved: 16777216B 
[ ALLOC_PROFILER_EDITOR ] used: 0B | peak: 0B | reserved: 0B 

Crash!!!
  ERROR: Error while initializing dbghelp.dll, GetLastError: 'Операция успешно завершена.' (Address: 0000000000000000)

========== OUTPUTTING STACK TRACE ==================

SymInit: Symbol-SearchPath: 'C:/Program Files/Unity 2022.3.62f3/Editor/Data/Mono;.;C:\Users\Pupil1\Documents\GitHub\Shooter\shooterrr;C:\Users\Pupil1\Documents\GitHub\Shooter\shooterrr\Library\BurstCache\JIT;C:\Program Files\Unity 2022.3.62f3\Editor;C:\WINDOWS;C:\WINDOWS\system32;', symOptions: 534, UserName: 'Pupil1'
OS-Version: 10.0.0
C:\Program Files\Unity 2022.3.62f3\Editor\Unity.exe:Unity.exe (00007FF737F80000), size: 83107840 (result: 0), SymType: '-deferred-', PDB: '', fileVersion: 2022.3.62.30479
C:\WINDOWS\SYSTEM32\ntdll.dll:ntdll.dll (00007FFD3C9B0000), size: 2064384 (result: 0), SymType: '-deferred-', PDB: '', fileVersion: 10.0.19041.6456
C:\WINDOWS\System32\KERNEL32.DLL:KERNEL32.DLL (00007FFD3B4A0000), size: 794624 (result: 0), SymType: '-deferred-', PDB: '', fileVersion: 10.0.19041.5915
C:\WINDOWS\System32\KERNELBASE.dll:KERNELBASE.dll (00007FFD3A440000), size: 3104768 (result: 0), SymType: '-deferred-', PDB: '', fileVersion: 10.0.19041.6280
C:\WINDOWS\System32\CRYPT32.dll:CRYPT32.dll (00007FFD3A7C0000), size: 1429504 (result: 0), SymType: '-deferred-', PDB: '', fileVersion: 10.0.19041.6157
C:\WINDOWS\System32\ucrtbase.dll:ucrtbase.dll (00007FFD3A040000), size: 1048576 (result: 0), SymType: '-deferred-', PDB: '', fileVersion: 10.0.19041.3636
C:\WINDOWS\System32\USER32.dll:USER32.dll (00007FFD3C690000), size: 1708032 (result: 0), SymType: '-deferred-', PDB: '', fileVersion: 10.0.19041.6456
C:\WINDOWS\System32\win32u.dll:win32u.dll (00007FFD3A9A0000), size: 139264 (result: 0), SymType: '-deferred-', PDB: '', fileVersion: 10.0.19041.6456
C:\WINDOWS\System32\GDI32.dll:GDI32.dll (00007FFD3C530000), size: 176128 (result: 0), SymType: '-deferred-', PDB: '', fileVersion: 10.0.19041.6157
C:\WINDOWS\System32\gdi32full.dll:gdi32full.dll (00007FFD3A320000), size: 1150976 (result: 0), SymType: '-deferred-', PDB: '', fileVersion: 10.0.19041.6157
C:\WINDOWS\System32\msvcp_win.dll:msvcp_win.dll (00007FFD3A140000), size: 643072 (result: 0), SymType: '-deferred-', PDB: '', fileVersion: 10.0.19041.3636
C:\Program Files\Unity 2022.3.62f3\Editor\libfbxsdk.dll:libfbxsdk.dll (00007FFCC9210000), size: 8019968 (result: 0), SymType: '-deferred-', PDB: '', fileVersion: 2020.3.7.0
C:\Program Files\Unity 2022.3.62f3\Editor\s3tcompress.dll:s3tcompress.dll (00007FFD1D580000), size: 180224 (result: 0), SymType: '-deferred-', PDB: ''
C:\Program Files\Unity 2022.3.62f3\Editor\etccompress.dll:etccompress.dll (00007FFCD6540000), size: 5070848 (result: 0), SymType: '-deferred-', PDB: ''
C:\WINDOWS\System32\ADVAPI32.dll:ADVAPI32.dll (00007FFD3C560000), size: 724992 (result: 0), SymType: '-deferred-', PDB: '', fileVersion: 10.0.19041.6328
C:\WINDOWS\System32\SHELL32.dll:SHELL32.dll (00007FFD3BB90000), size: 7798784 (result: 0), SymType: '-deferred-', PDB: '', fileVersion: 10.0.19041.6456
C:\WINDOWS\System32\msvcrt.dll:msvcrt.dll (00007FFD3B680000), size: 647168 (result: 0), SymType: '-deferred-', PDB: '', fileVersion: 7.0.19041.3636
C:\Program Files\Unity 2022.3.62f3\Editor\ispc_texcomp.dll:ispc_texcomp.dll (00007FFCF6450000), size: 1826816 (result: 0), SymType: '-deferred-', PDB: ''
C:\Program Files\Unity 2022.3.62f3\Editor\compress_bc7e.dll:compress_bc7e.dll (00007FFCF1600000), size: 1433600 (result: 0), SymType: '-deferred-', PDB: ''
C:\WINDOWS\System32\sechost.dll:sechost.dll (00007FFD3B5E0000), size: 651264 (result: 0), SymType: '-deferred-', PDB: '', fileVersion: 10.0.19041.6328
C:\WINDOWS\System32\SHLWAPI.dll:SHLWAPI.dll (00007FFD3B0E0000), size: 372736 (result: 0), SymType: '-deferred-', PDB: '', fileVersion: 10.0.19041.6392
C:\WINDOWS\System32\RPCRT4.dll:RPCRT4.dll (00007FFD3C840000), size: 1179648 (result: 0), SymType: '-deferred-', PDB: '', fileVersion: 10.0.19041.6280
C:\WINDOWS\System32\ole32.dll:ole32.dll (00007FFD3B140000), size: 1224704 (result: 0), SymType: '-deferred-', PDB: '', fileVersion: 10.0.19041.5915
C:\Program Files\Unity 2022.3.62f3\Editor\FreeImage.dll:FreeImage.dll (0000000180000000), size: 5783552 (result: 0), SymType: '-deferred-', PDB: '', fileVersion: 3.18.0.0
C:\Program Files\Unity 2022.3.62f3\Editor\WinPixEventRuntime.dll:WinPixEventRuntime.dll (00007FFD32460000), size: 45056 (result: 0), SymType: '-deferred-', PDB: '', fileVersion: 1.0.1812.6001
C:\WINDOWS\System32\WS2_32.dll:WS2_32.dll (00007FFD3B570000), size: 438272 (result: 0), SymType: '-deferred-', PDB: '', fileVersion: 10.0.19041.3636
C:\WINDOWS\System32\bcrypt.dll:bcrypt.dll (00007FFD3A790000), size: 159744 (result: 0), SymType: '-deferred-', PDB: '', fileVersion: 10.0.19041.5369
C:\WINDOWS\System32\combase.dll:combase.dll (00007FFD3AC40000), size: 3489792 (result: 0), SymType: '-deferred-', PDB: '', fileVersion: 10.0.19041.6456
C:\Program Files\Unity 2022.3.62f3\Editor\umbraoptimizer64.dll:umbraoptimizer64.dll (00007FFCF4FD0000), size: 1187840 (result: 0), SymType: '-deferred-', PDB: ''
C:\WINDOWS\System32\IMM32.dll:IMM32.dll (00007FFD3B3C0000), size: 192512 (result: 0), SymType: '-deferred-', PDB: '', fileVersion: 10.0.19041.6157
C:\WINDOWS\System32\SETUPAPI.dll:SETUPAPI.dll (00007FFD3B720000), size: 4653056 (result: 0), SymType: '-deferred-', PDB: '', fileVersion: 10.0.19041.5794
C:\WINDOWS\System32\cfgmgr32.dll:cfgmgr32.dll (00007FFD3A740000), size: 319488 (result: 0), SymType: '-deferred-', PDB: '', fileVersion: 10.0.19041.3996
C:\WINDOWS\System32\OLEAUT32.dll:OLEAUT32.dll (00007FFD3C3E0000), size: 839680 (result: 0), SymType: '-deferred-', PDB: '', fileVersion: 10.0.19041.3636
C:\WINDOWS\System32\WINTRUST.dll:WINTRUST.dll (00007FFD3A920000), size: 471040 (result: 0), SymType: '-deferred-', PDB: '', fileVersion: 10.0.19041.6456
C:\WINDOWS\SYSTEM32\MSVCP140.dll:MSVCP140.dll (00007FFD189A0000), size: 561152 (result: 0), SymType: '-deferred-', PDB: '', fileVersion: 14.44.35211.0
C:\WINDOWS\SYSTEM32\VCRUNTIME140.dll:VCRUNTIME140.dll (00007FFD22FE0000), size: 122880 (result: 0), SymType: '-deferred-', PDB: '', fileVersion: 14.44.35211.0
C:\WINDOWS\SYSTEM32\VCRUNTIME140_1.dll:VCRUNTIME140_1.dll (00007FFD30880000), size: 49152 (result: 0), SymType: '-deferred-', PDB: '', fileVersion: 14.44.35211.0
C:\WINDOWS\SYSTEM32\GLU32.dll:GLU32.dll (00007FFCF4850000), size: 180224 (result: 0), SymType: '-deferred-', PDB: '', fileVersion: 10.0.19041.3636
C:\WINDOWS\SYSTEM32\OPENGL32.dll:OPENGL32.dll (00007FFCE3FF0000), size: 1212416 (result: 0), SymType: '-deferred-', PDB: '', fileVersion: 10.0.19041.5794
C:\WINDOWS\SYSTEM32\IPHLPAPI.DLL:IPHLPAPI.DLL (00007FFD393D0000), size: 241664 (result: 0), SymType: '-deferred-', PDB: '', fileVersion: 10.0.19041.3636
C:\WINDOWS\SYSTEM32\dwmapi.dll:dwmapi.dll (00007FFD37DC0000), size: 188416 (result: 0), SymType: '-deferred-', PDB: '', fileVersion: 10.0.19041.6157
C:\WINDOWS\SYSTEM32\WINMM.dll:WINMM.dll (00007FFD2D8A0000), size: 159744 (result: 0), SymType: '-deferred-', PDB: '', fileVersion: 10.0.19041.3636
C:\WINDOWS\SYSTEM32\HID.DLL:HID.DLL (00007FFD38880000), size: 53248 (result: 0), SymType: '-deferred-', PDB: '', fileVersion: 10.0.19041.3636
C:\WINDOWS\SYSTEM32\WINHTTP.dll:WINHTTP.dll (00007FFD33E50000), size: 1089536 (result: 0), SymType: '-deferred-', PDB: '', fileVersion: 10.0.19041.5794
C:\Program Files\Unity 2022.3.62f3\Editor\NativeProxyHelper.dll:NativeProxyHelper.dll (00007FFCEFF40000), size: 1789952 (result: 0), SymType: '-deferred-', PDB: ''
C:\Program Files\Unity 2022.3.62f3\Editor\SketchUpAPI.dll:SketchUpAPI.dll (00007FFCC4FE0000), size: 8990720 (result: 0), SymType: '-deferred-', PDB: '', fileVersion: 23.0.0.0
C:\WINDOWS\SYSTEM32\VERSION.dll:VERSION.dll (00007FFD34CD0000), size: 40960 (result: 0), SymType: '-deferred-', PDB: '', fileVersion: 10.0.19041.3636
C:\WINDOWS\SYSTEM32\WSOCK32.dll:WSOCK32.dll (00007FFD32560000), size: 36864 (result: 0), SymType: '-deferred-', PDB: '', fileVersion: 10.0.19041.1
C:\Program Files\Unity 2022.3.62f3\Editor\SketchUpCommonPreferences.dll:SketchUpCommonPreferences.dll (00007FFCF75D0000), size: 499712 (result: 0), SymType: '-deferred-', PDB: '', fileVersion: 23.0.0.0
C:\WINDOWS\SYSTEM32\Secur32.dll:Secur32.dll (00007FFD2A580000), size: 49152 (result: 0), SymType: '-deferred-', PDB: '', fileVersion: 10.0.19041.3636
C:\WINDOWS\SYSTEM32\SSPICLI.DLL:SSPICLI.DLL (00007FFD39F20000), size: 204800 (result: 0), SymType: '-deferred-', PDB: '', fileVersion: 10.0.19041.6328
C:\Program Files\Unity 2022.3.62f3\Editor\OpenRL.dll:OpenRL.dll (0000015A02730000), size: 12779520 (result: 0), SymType: '-deferred-', PDB: '', fileVersion: 1.5.0.2907
C:\WINDOWS\SYSTEM32\MSVCR100.dll:MSVCR100.dll (000000006D3B0000), size: 860160 (result: 0), SymType: '-deferred-', PDB: '', fileVersion: 10.0.40219.473
C:\WINDOWS\SYSTEM32\MSVCP100.dll:MSVCP100.dll (000000006D490000), size: 622592 (result: 0), SymType: '-deferred-', PDB: '', fileVersion: 10.0.40219.473
C:\Program Files\Unity 2022.3.62f3\Editor\embree.dll:embree.dll (00007FFC91FD0000), size: 16711680 (result: 0), SymType: '-deferred-', PDB: '', fileVersion: 2.14.0.0
C:\WINDOWS\SYSTEM32\MSWSOCK.DLL:MSWSOCK.DLL (00007FFD396F0000), size: 434176 (result: 0), SymType: '-deferred-', PDB: '', fileVersion: 10.0.19041.5915
C:\Program Files\Unity 2022.3.62f3\Editor\tbb.dll:tbb.dll (00007FFCF6F70000), size: 413696 (result: 0), SymType: '-deferred-', PDB: '', fileVersion: 2017.0.2016.1004
C:\WINDOWS\SYSTEM32\MSVCP120.dll:MSVCP120.dll (00007FFCF12D0000), size: 679936 (result: 0), SymType: '-deferred-', PDB: '', fileVersion: 12.0.40664.0
C:\WINDOWS\SYSTEM32\MSVCR120.dll:MSVCR120.dll (00007FFCED0D0000), size: 978944 (result: 0), SymType: '-deferred-', PDB: '', fileVersion: 12.0.40664.0
C:\Program Files\Unity 2022.3.62f3\Editor\OpenRL_pthread.dll:OpenRL_pthread.dll (0000015A03380000), size: 61440 (result: 0), SymType: '-deferred-', PDB: '', fileVersion: 2.9.0.0
C:\WINDOWS\SYSTEM32\MSASN1.dll:MSASN1.dll (00007FFD39B20000), size: 73728 (result: 0), SymType: '-deferred-', PDB: '', fileVersion: 10.0.19041.3636
C:\WINDOWS\System32\bcryptprimitives.dll:bcryptprimitives.dll (00007FFD3A1E0000), size: 532480 (result: 0), SymType: '-deferred-', PDB: '', fileVersion: 10.0.19041.5007
C:\WINDOWS\SYSTEM32\kernel.appcore.dll:kernel.appcore.dll (00007FFD37DF0000), size: 73728 (result: 0), SymType: '-deferred-', PDB: '', fileVersion: 10.0.19041.3758
C:\WINDOWS\system32\uxtheme.dll:uxtheme.dll (00007FFD37A00000), size: 647168 (result: 0), SymType: '-deferred-', PDB: '', fileVersion: 10.0.19041.5794
C:\WINDOWS\SYSTEM32\windows.storage.dll:windows.storage.dll (00007FFD380D0000), size: 8015872 (result: 0), SymType: '-deferred-', PDB: '', fileVersion: 10.0.19041.6456
C:\WINDOWS\SYSTEM32\Wldp.dll:Wldp.dll (00007FFD39990000), size: 176128 (result: 0), SymType: '-deferred-', PDB: '', fileVersion: 10.0.19041.5794
C:\WINDOWS\System32\SHCORE.dll:SHCORE.dll (00007FFD3AFA0000), size: 708608 (result: 0), SymType: '-deferred-', PDB: '', fileVersion: 10.0.19041.5794
C:\WINDOWS\SYSTEM32\profapi.dll:profapi.dll (00007FFD39F70000), size: 147456 (result: 0), SymType: '-deferred-', PDB: '', fileVersion: 10.0.19041.6033
C:\WINDOWS\system32\IconCodecService.dll:IconCodecService.dll (00007FFD32360000), size: 36864 (result: 0), SymType: '-deferred-', PDB: '', fileVersion: 10.0.19041.1
C:\WINDOWS\SYSTEM32\WindowsCodecs.dll:WindowsCodecs.dll (00007FFD37800000), size: 1794048 (result: 0), SymType: '-deferred-', PDB: '', fileVersion: 10.0.19041.6456
C:\WINDOWS\System32\clbcatq.dll:clbcatq.dll (00007FFD3B3F0000), size: 692224 (result: 0), SymType: '-deferred-', PDB: '', fileVersion: 2001.12.10941.16384
C:\WINDOWS\System32\netprofm.dll:netprofm.dll (00007FFD36E10000), size: 258048 (result: 0), SymType: '-deferred-', PDB: '', fileVersion: 10.0.19041.4355
C:\WINDOWS\System32\npmproxy.dll:npmproxy.dll (00007FFD336C0000), size: 65536 (result: 0), SymType: '-deferred-', PDB: '', fileVersion: 10.0.19041.4239
C:\WINDOWS\System32\NSI.dll:NSI.dll (00007FFD3B390000), size: 32768 (result: 0), SymType: '-deferred-', PDB: '', fileVersion: 10.0.19041.3636
C:\WINDOWS\SYSTEM32\dhcpcsvc6.DLL:dhcpcsvc6.DLL (00007FFD34740000), size: 94208 (result: 0), SymType: '-deferred-', PDB: '', fileVersion: 10.0.19041.3636
C:\WINDOWS\SYSTEM32\dhcpcsvc.DLL:dhcpcsvc.DLL (00007FFD34DB0000), size: 118784 (result: 0), SymType: '-deferred-', PDB: '', fileVersion: 10.0.19041.3636
C:\WINDOWS\SYSTEM32\DNSAPI.dll:DNSAPI.dll (00007FFD39410000), size: 827392 (result: 0), SymType: '-deferred-', PDB: '', fileVersion: 10.0.19041.5369
C:\WINDOWS\system32\napinsp.dll:napinsp.dll (00007FFCF60B0000), size: 94208 (result: 0), SymType: '-deferred-', PDB: '', fileVersion: 10.0.19041.3636
C:\WINDOWS\system32\pnrpnsp.dll:pnrpnsp.dll (00007FFCF6090000), size: 110592 (result: 0), SymType: '-deferred-', PDB: '', fileVersion: 10.0.19041.3636
C:\WINDOWS\system32\wshbth.dll:wshbth.dll (00007FFD1A9F0000), size: 118784 (result: 0), SymType: '-deferred-', PDB: '', fileVersion: 10.0.19041.5848
C:\WINDOWS\system32\NLAapi.dll:NLAapi.dll (00007FFD371B0000), size: 118784 (result: 0), SymType: '-deferred-', PDB: '', fileVersion: 10.0.19041.6456
C:\WINDOWS\System32\winrnr.dll:winrnr.dll (00007FFCF6070000), size: 73728 (result: 0), SymType: '-deferred-', PDB: '', fileVersion: 10.0.19041.3636
C:\WINDOWS\System32\fwpuclnt.dll:fwpuclnt.dll (00007FFD2D7E0000), size: 524288 (result: 0), SymType: '-deferred-', PDB: '', fileVersion: 10.0.19041.6328
C:\Windows\System32\rasadhlp.dll:rasadhlp.dll (00007FFD2C950000), size: 40960 (result: 0), SymType: '-deferred-', PDB: '', fileVersion: 10.0.19041.6328
C:\Program Files\Unity 2022.3.62f3\Editor\NVUnityPlugin.DLL:NVUnityPlugin.DLL (00007FFCEB280000), size: 1609728 (result: 0), SymType: '-deferred-', PDB: ''
C:\Program Files\Unity 2022.3.62f3\Editor\Data\Tools\astcenc-avx2.dll:astcenc-avx2.dll (00007FFCEFCF0000), size: 540672 (result: 0), SymType: '-deferred-', PDB: ''
C:\WINDOWS\System32\MMDevApi.dll:MMDevApi.dll (00007FFD34210000), size: 544768 (result: 0), SymType: '-deferred-', PDB: '', fileVersion: 10.0.19041.5915
C:\WINDOWS\System32\DEVOBJ.dll:DEVOBJ.dll (00007FFD39CF0000), size: 208896 (result: 0), SymType: '-deferred-', PDB: '', fileVersion: 10.0.19041.5794
C:\WINDOWS\SYSTEM32\d3d11.dll:d3d11.dll (00007FFD35F40000), size: 2506752 (result: 0), SymType: '-deferred-', PDB: '', fileVersion: 10.0.19041.5794
C:\WINDOWS\SYSTEM32\dxgi.dll:dxgi.dll (00007FFD388C0000), size: 1007616 (result: 8), SymType: '-unknown-', PDB: '', fileVersion: 10.0.19041.5794
C:\WINDOWS\System32\DriverStore\FileRepository\nvmd.inf_amd64_1408eaf9a25ed64f\nvldumdx.dll:nvldumdx.dll (00007FFD30CF0000), size: 1056768 (result: 8), SymType: '-unknown-', PDB: '', fileVersion: 27.21.14.5751
C:\WINDOWS\SYSTEM32\cryptnet.dll:cryptnet.dll (00007FFD34760000), size: 200704 (result: 8), SymType: '-unknown-', PDB: '', fileVersion: 10.0.19041.3636
C:\WINDOWS\SYSTEM32\cryptbase.dll:cryptbase.dll (00007FFD39900000), size: 49152 (result: 8), SymType: '-unknown-', PDB: '', fileVersion: 10.0.19041.3636
C:\WINDOWS\System32\imagehlp.dll:imagehlp.dll (00007FFD3B3A0000), size: 118784 (result: 8), SymType: '-unknown-', PDB: '', fileVersion: 10.0.19041.3636
C:\WINDOWS\SYSTEM32\CRYPTSP.dll:CRYPTSP.dll (00007FFD398E0000), size: 98304 (result: 8), SymType: '-unknown-', PDB: '', fileVersion: 10.0.19041.5856
C:\WINDOWS\system32\rsaenh.dll:rsaenh.dll (00007FFD39010000), size: 229376 (result: 8), SymType: '-unknown-', PDB: '', fileVersion: 10.0.19041.6093
C:\WINDOWS\System32\DriverStore\FileRepository\nvmd.inf_amd64_1408eaf9a25ed64f\nvwgf2umx.dll:nvwgf2umx.dll (00007FFCDD200000), size: 44830720 (result: 0), SymType: '-deferred-', PDB: '', fileVersion: 27.21.14.5751
C:\WINDOWS\SYSTEM32\dxcore.dll:dxcore.dll (00007FFD31810000), size: 241664 (result: 0), SymType: '-deferred-', PDB: '', fileVersion: 10.0.19041.5794
C:\Program Files\Unity 2022.3.62f3\Editor\cudart64_90.dll:cudart64_90.dll (00007FFCF1590000), size: 397312 (result: 0), SymType: '-deferred-', PDB: '', fileVersion: 6.14.11.9000
C:\WINDOWS\SYSTEM32\opencl.dll:opencl.dll (00007FFCE4170000), size: 1474560 (result: 0), SymType: '-deferred-', PDB: '', fileVersion: 3.0.1.0
C:\Program Files\Unity 2022.3.62f3\Editor\radeonrays.dll:radeonrays.dll (00007FFCEF860000), size: 557056 (result: 0), SymType: '-deferred-', PDB: ''
C:\Program Files\Unity 2022.3.62f3\Editor\Data\MonoBleedingEdge\EmbedRuntime\mono-2.0-bdwgc.dll:mono-2.0-bdwgc.dll (00007FFCC4580000), size: 10825728 (result: 0), SymType: '-deferred-', PDB: ''
C:\WINDOWS\SYSTEM32\dbghelp.dll:dbghelp.dll (00007FFD2A090000), size: 2101248 (result: 0), SymType: '-deferred-', PDB: '', fileVersion: 10.0.19041.5848
0x00007FFD3A465369 (KERNELBASE) RaiseException
SymInit: Symbol-SearchPath: 'C:/Program Files/Unity 2022.3.62f3/Editor/Data/Mono;.;C:\Users\Pupil1\Documents\GitHub\Shooter\shooterrr;C:\Users\Pupil1\Documents\GitHub\Shooter\shooterrr\Library\BurstCache\JIT;C:\Program Files\Unity 2022.3.62f3\Editor;C:\WINDOWS;C:\WINDOWS\system32;', symOptions: 534, UserName: 'Pupil1'
OS-Version: 10.0.0
C:\Program Files\Unity 2022.3.62f3\Editor\Unity.exe:Unity.exe (00007FF737F80000), size: 83107840 (result: -529697949), SymType: '-deferred-', PDB: '', fileVersion: 2022.3.62.30479
  ERROR: LoadModule, GetLastError: 'Unknown error [-529697949]' (Address: 0000000000000000)
C:\WINDOWS\SYSTEM32\ntdll.dll:ntdll.dll (00007FFD3C9B0000), size: 2064384 (result: 0), SymType: '-exported-', PDB: 'C:\WINDOWS\SYSTEM32\ntdll.dll', fileVersion: 10.0.19041.6456
C:\WINDOWS\System32\KERNEL32.DLL:KERNEL32.DLL (00007FFD3B4A0000), size: 794624 (result: 0), SymType: '-nosymbols-', PDB: 'C:\WINDOWS\System32\KERNEL32.DLL', fileVersion: 10.0.19041.5915
C:\WINDOWS\System32\KERNELBASE.dll:KERNELBASE.dll (00007FFD3A440000), size: 3104768 (result: 0), SymType: '-exported-', PDB: 'C:\WINDOWS\System32\KERNELBASE.dll', fileVersion: 10.0.19041.6280
C:\WINDOWS\System32\CRYPT32.dll:CRYPT32.dll (00007FFD3A7C0000), size: 1429504 (result: 0), SymType: '-nosymbols-', PDB: 'C:\WINDOWS\System32\CRYPT32.dll', fileVersion: 10.0.19041.6157
C:\WINDOWS\System32\ucrtbase.dll:ucrtbase.dll (00007FFD3A040000), size: 1048576 (result: 0), SymType: '-nosymbols-', PDB: 'C:\WINDOWS\System32\ucrtbase.dll', fileVersion: 10.0.19041.3636
C:\WINDOWS\System32\USER32.dll:USER32.dll (00007FFD3C690000), size: 1708032 (result: 0), SymType: '-nosymbols-', PDB: 'C:\WINDOWS\System32\USER32.dll', fileVersion: 10.0.19041.6456
C:\WINDOWS\System32\win32u.dll:win32u.dll (00007FFD3A9A0000), size: 139264 (result: 0), SymType: '-nosymbols-', PDB: 'C:\WINDOWS\System32\win32u.dll', fileVersion: 10.0.19041.6456
C:\WINDOWS\System32\GDI32.dll:GDI32.dll (00007FFD3C530000), size: 176128 (result: 0), SymType: '-nosymbols-', PDB: 'C:\WINDOWS\System32\GDI32.dll', fileVersion: 10.0.19041.6157
C:\WINDOWS\System32\gdi32full.dll:gdi32full.dll (00007FFD3A320000), size: 1150976 (result: 0), SymType: '-nosymbols-', PDB: 'C:\WINDOWS\System32\gdi32full.dll', fileVersion: 10.0.19041.6157
C:\WINDOWS\System32\msvcp_win.dll:msvcp_win.dll (00007FFD3A140000), size: 643072 (result: 0), SymType: '-nosymbols-', PDB: 'C:\WINDOWS\System32\msvcp_win.dll', fileVersion: 10.0.19041.3636
C:\Program Files\Unity 2022.3.62f3\Editor\libfbxsdk.dll:libfbxsdk.dll (00007FFCC9210000), size: 8019968 (result: 0), SymType: '-nosymbols-', PDB: 'C:\Program Files\Unity 2022.3.62f3\Editor\libfbxsdk.dll', fileVersion: 2020.3.7.0
C:\Program Files\Unity 2022.3.62f3\Editor\s3tcompress.dll:s3tcompress.dll (00007FFD1D580000), size: 180224 (result: 0), SymType: '-nosymbols-', PDB: 'C:\Program Files\Unity 2022.3.62f3\Editor\s3tcompress.dll'
C:\Program Files\Unity 2022.3.62f3\Editor\etccompress.dll:etccompress.dll (00007FFCD6540000), size: 5070848 (result: 0), SymType: '-exported-', PDB: 'C:\Program Files\Unity 2022.3.62f3\Editor\etccompress.dll'
C:\WINDOWS\System32\ADVAPI32.dll:ADVAPI32.dll (00007FFD3C560000), size: 724992 (result: 0), SymType: '-nosymbols-', PDB: 'C:\WINDOWS\System32\ADVAPI32.dll', fileVersion: 10.0.19041.6328
C:\WINDOWS\System32\SHELL32.dll:SHELL32.dll (00007FFD3BB90000), size: 7798784 (result: 0), SymType: '-exported-', PDB: 'C:\WINDOWS\System32\SHELL32.dll', fileVersion: 10.0.19041.6456
C:\WINDOWS\System32\msvcrt.dll:msvcrt.dll (00007FFD3B680000), size: 647168 (result: 0), SymType: '-nosymbols-', PDB: 'C:\WINDOWS\System32\msvcrt.dll', fileVersion: 7.0.19041.3636
C:\Program Files\Unity 2022.3.62f3\Editor\ispc_texcomp.dll:ispc_texcomp.dll (00007FFCF6450000), size: 1826816 (result: 0), SymType: '-nosymbols-', PDB: 'C:\Program Files\Unity 2022.3.62f3\Editor\ispc_texcomp.dll'
C:\Program Files\Unity 2022.3.62f3\Editor\compress_bc7e.dll:compress_bc7e.dll (00007FFCF1600000), size: 1433600 (result: 0), SymType: '-nosymbols-', PDB: 'C:\Program Files\Unity 2022.3.62f3\Editor\compress_bc7e.dll'
C:\WINDOWS\System32\sechost.dll:sechost.dll (00007FFD3B5E0000), size: 651264 (result: 0), SymType: '-nosymbols-', PDB: 'C:\WINDOWS\System32\sechost.dll', fileVersion: 10.0.19041.6328
C:\WINDOWS\System32\SHLWAPI.dll:SHLWAPI.dll (00007FFD3B0E0000), size: 372736 (result: 0), SymType: '-nosymbols-', PDB: 'C:\WINDOWS\System32\SHLWAPI.dll', fileVersion: 10.0.19041.6392
C:\WINDOWS\System32\RPCRT4.dll:RPCRT4.dll (00007FFD3C840000), size: 1179648 (result: 0), SymType: '-nosymbols-', PDB: 'C:\WINDOWS\System32\RPCRT4.dll', fileVersion: 10.0.19041.6280
C:\WINDOWS\System32\ole32.dll:ole32.dll (00007FFD3B140000), size: 1224704 (result: 0), SymType: '-nosymbols-', PDB: 'C:\WINDOWS\System32\ole32.dll', fileVersion: 10.0.19041.5915
C:\Program Files\Unity 2022.3.62f3\Editor\FreeImage.dll:FreeImage.dll (0000000180000000), size: 5783552 (result: 0), SymType: '-nosymbols-', PDB: 'C:\Program Files\Unity 2022.3.62f3\Editor\FreeImage.dll', fileVersion: 3.18.0.0
C:\Program Files\Unity 2022.3.62f3\Editor\WinPixEventRuntime.dll:WinPixEventRuntime.dll (00007FFD32460000), size: 45056 (result: 0), SymType: '-nosymbols-', PDB: 'C:\Program Files\Unity 2022.3.62f3\Editor\WinPixEventRuntime.dll', fileVersion: 1.0.1812.6001
C:\WINDOWS\System32\WS2_32.dll:WS2_32.dll (00007FFD3B570000), size: 438272 (result: 0), SymType: '-nosymbols-', PDB: 'C:\WINDOWS\System32\WS2_32.dll', fileVersion: 10.0.19041.3636
C:\WINDOWS\System32\bcrypt.dll:bcrypt.dll (00007FFD3A790000), size: 159744 (result: 0), SymType: '-nosymbols-', PDB: 'C:\WINDOWS\System32\bcrypt.dll', fileVersion: 10.0.19041.5369
C:\WINDOWS\System32\combase.dll:combase.dll (00007FFD3AC40000), size: 3489792 (result: 0), SymType: '-nosymbols-', PDB: 'C:\WINDOWS\System32\combase.dll', fileVersion: 10.0.19041.6456
C:\Program Files\Unity 2022.3.62f3\Editor\umbraoptimizer64.dll:umbraoptimizer64.dll (00007FFCF4FD0000), size: 1187840 (result: 0), SymType: '-nosymbols-', PDB: 'C:\Program Files\Unity 2022.3.62f3\Editor\umbraoptimizer64.dll'
C:\WINDOWS\System32\IMM32.dll:IMM32.dll (00007FFD3B3C0000), size: 192512 (result: 0), SymType: '-nosymbols-', PDB: 'C:\WINDOWS\System32\IMM32.dll', fileVersion: 10.0.19041.6157
C:\WINDOWS\System32\SETUPAPI.dll:SETUPAPI.dll (00007FFD3B720000), size: 4653056 (result: 0), SymType: '-nosymbols-', PDB: 'C:\WINDOWS\System32\SETUPAPI.dll', fileVersion: 10.0.19041.5794
C:\WINDOWS\System32\cfgmgr32.dll:cfgmgr32.dll (00007FFD3A740000), size: 319488 (result: 0), SymType: '-nosymbols-', PDB: 'C:\WINDOWS\System32\cfgmgr32.dll', fileVersion: 10.0.19041.3996
C:\WINDOWS\System32\OLEAUT32.dll:OLEAUT32.dll (00007FFD3C3E0000), size: 839680 (result: 0), SymType: '-nosymbols-', PDB: 'C:\WINDOWS\System32\OLEAUT32.dll', fileVersion: 10.0.19041.3636
C:\WINDOWS\System32\WINTRUST.dll:WINTRUST.dll (00007FFD3A920000), size: 471040 (result: 0), SymType: '-nosymbols-', PDB: 'C:\WINDOWS\System32\WINTRUST.dll', fileVersion: 10.0.19041.6456
C:\WINDOWS\SYSTEM32\MSVCP140.dll:MSVCP140.dll (00007FFD189A0000), size: 561152 (result: 0), SymType: '-nosymbols-', PDB: 'C:\WINDOWS\SYSTEM32\MSVCP140.dll', fileVersion: 14.44.35211.0
C:\WINDOWS\SYSTEM32\VCRUNTIME140.dll:VCRUNTIME140.dll (00007FFD22FE0000), size: 122880 (result: 0), SymType: '-nosymbols-', PDB: 'C:\WINDOWS\SYSTEM32\VCRUNTIME140.dll', fileVersion: 14.44.35211.0
C:\WINDOWS\SYSTEM32\VCRUNTIME140_1.dll:VCRUNTIME140_1.dll (00007FFD30880000), size: 49152 (result: 0), SymType: '-nosymbols-', PDB: 'C:\WINDOWS\SYSTEM32\VCRUNTIME140_1.dll', fileVersion: 14.44.35211.0
C:\WINDOWS\SYSTEM32\GLU32.dll:GLU32.dll (00007FFCF4850000), size: 180224 (result: 0), SymType: '-nosymbols-', PDB: 'C:\WINDOWS\SYSTEM32\GLU32.dll', fileVersion: 10.0.19041.3636
C:\WINDOWS\SYSTEM32\OPENGL32.dll:OPENGL32.dll (00007FFCE3FF0000), size: 1212416 (result: 0), SymType: '-nosymbols-', PDB: 'C:\WINDOWS\SYSTEM32\OPENGL32.dll', fileVersion: 10.0.19041.5794
C:\WINDOWS\SYSTEM32\IPHLPAPI.DLL:IPHLPAPI.DLL (00007FFD393D0000), size: 241664 (result: 0), SymType: '-nosymbols-', PDB: 'C:\WINDOWS\SYSTEM32\IPHLPAPI.DLL', fileVersion: 10.0.19041.3636
C:\WINDOWS\SYSTEM32\dwmapi.dll:dwmapi.dll (00007FFD37DC0000), size: 188416 (result: 0), SymType: '-nosymbols-', PDB: 'C:\WINDOWS\SYSTEM32\dwmapi.dll', fileVersion: 10.0.19041.6157
C:\WINDOWS\SYSTEM32\WINMM.dll:WINMM.dll (00007FFD2D8A0000), size: 159744 (result: 0), SymType: '-nosymbols-', PDB: 'C:\WINDOWS\SYSTEM32\WINMM.dll', fileVersion: 10.0.19041.3636
C:\WINDOWS\SYSTEM32\HID.DLL:HID.DLL (00007FFD38880000), size: 53248 (result: 0), SymType: '-nosymbols-', PDB: 'C:\WINDOWS\SYSTEM32\HID.DLL', fileVersion: 10.0.19041.3636
C:\WINDOWS\SYSTEM32\WINHTTP.dll:WINHTTP.dll (00007FFD33E50000), size: 1089536 (result: 0), SymType: '-nosymbols-', PDB: 'C:\WINDOWS\SYSTEM32\WINHTTP.dll', fileVersion: 10.0.19041.5794
C:\Program Files\Unity 2022.3.62f3\Editor\NativeProxyHelper.dll:NativeProxyHelper.dll (00007FFCEFF40000), size: 1789952 (result: 0), SymType: '-nosymbols-', PDB: 'C:\Program Files\Unity 2022.3.62f3\Editor\NativeProxyHelper.dll'
C:\Program Files\Unity 2022.3.62f3\Editor\SketchUpAPI.dll:SketchUpAPI.dll (00007FFCC4FE0000), size: 8990720 (result: 0), SymType: '-nosymbols-', PDB: 'C:\Program Files\Unity 2022.3.62f3\Editor\SketchUpAPI.dll', fileVersion: 23.0.0.0
C:\WINDOWS\SYSTEM32\VERSION.dll:VERSION.dll (00007FFD34CD0000), size: 40960 (result: 0), SymType: '-nosymbols-', PDB: 'C:\WINDOWS\SYSTEM32\VERSION.dll', fileVersion: 10.0.19041.3636
C:\WINDOWS\SYSTEM32\WSOCK32.dll:WSOCK32.dll (00007FFD32560000), size: 36864 (result: 0), SymType: '-nosymbols-', PDB: 'C:\WINDOWS\SYSTEM32\WSOCK32.dll', fileVersion: 10.0.19041.1
C:\Program Files\Unity 2022.3.62f3\Editor\SketchUpCommonPreferences.dll:SketchUpCommonPreferences.dll (00007FFCF75D0000), size: 499712 (result: 0), SymType: '-nosymbols-', PDB: 'C:\Program Files\Unity 2022.3.62f3\Editor\SketchUpCommonPreferences.dll', fileVersion: 23.0.0.0
C:\WINDOWS\SYSTEM32\Secur32.dll:Secur32.dll (00007FFD2A580000), size: 49152 (result: 0), SymType: '-nosymbols-', PDB: 'C:\WINDOWS\SYSTEM32\Secur32.dll', fileVersion: 10.0.19041.3636
C:\WINDOWS\SYSTEM32\SSPICLI.DLL:SSPICLI.DLL (00007FFD39F20000), size: 204800 (result: 0), SymType: '-nosymbols-', PDB: 'C:\WINDOWS\SYSTEM32\SSPICLI.DLL', fileVersion: 10.0.19041.6328
C:\Program Files\Unity 2022.3.62f3\Editor\OpenRL.dll:OpenRL.dll (0000015A02730000), size: 12779520 (result: 0), SymType: '-nosymbols-', PDB: 'C:\Program Files\Unity 2022.3.62f3\Editor\OpenRL.dll', fileVersion: 1.5.0.2907
C:\WINDOWS\SYSTEM32\MSVCR100.dll:MSVCR100.dll (000000006D3B0000), size: 860160 (result: 0), SymType: '-nosymbols-', PDB: 'C:\WINDOWS\SYSTEM32\MSVCR100.dll', fileVersion: 10.0.40219.473
C:\WINDOWS\SYSTEM32\MSVCP100.dll:MSVCP100.dll (000000006D490000), size: 622592 (result: 0), SymType: '-nosymbols-', PDB: 'C:\WINDOWS\SYSTEM32\MSVCP100.dll', fileVersion: 10.0.40219.473
C:\Program Files\Unity 2022.3.62f3\Editor\embree.dll:embree.dll (00007FFC91FD0000), size: 16711680 (result: 0), SymType: '-nosymbols-', PDB: 'C:\Program Files\Unity 2022.3.62f3\Editor\embree.dll', fileVersion: 2.14.0.0
C:\WINDOWS\SYSTEM32\MSWSOCK.DLL:MSWSOCK.DLL (00007FFD396F0000), size: 434176 (result: 0), SymType: '-nosymbols-', PDB: 'C:\WINDOWS\SYSTEM32\MSWSOCK.DLL', fileVersion: 10.0.19041.5915
C:\Program Files\Unity 2022.3.62f3\Editor\tbb.dll:tbb.dll (00007FFCF6F70000), size: 413696 (result: 0), SymType: '-exported-', PDB: 'C:\Program Files\Unity 2022.3.62f3\Editor\tbb.dll', fileVersion: 2017.0.2016.1004
C:\WINDOWS\SYSTEM32\MSVCP120.dll:MSVCP120.dll (00007FFCF12D0000), size: 679936 (result: 0), SymType: '-nosymbols-', PDB: 'C:\WINDOWS\SYSTEM32\MSVCP120.dll', fileVersion: 12.0.40664.0
C:\WINDOWS\SYSTEM32\MSVCR120.dll:MSVCR120.dll (00007FFCED0D0000), size: 978944 (result: 0), SymType: '-nosymbols-', PDB: 'C:\WINDOWS\SYSTEM32\MSVCR120.dll', fileVersion: 12.0.40664.0
C:\Program Files\Unity 2022.3.62f3\Editor\OpenRL_pthread.dll:OpenRL_pthread.dll (0000015A03380000), size: 61440 (result: 0), SymType: '-exported-', PDB: 'C:\Program Files\Unity 2022.3.62f3\Editor\OpenRL_pthread.dll', fileVersion: 2.9.0.0
C:\WINDOWS\SYSTEM32\MSASN1.dll:MSASN1.dll (00007FFD39B20000), size: 73728 (result: 0), SymType: '-nosymbols-', PDB: 'C:\WINDOWS\SYSTEM32\MSASN1.dll', fileVersion: 10.0.19041.3636
C:\WINDOWS\System32\bcryptprimitives.dll:bcryptprimitives.dll (00007FFD3A1E0000), size: 532480 (result: 0), SymType: '-nosymbols-', PDB: 'C:\WINDOWS\System32\bcryptprimitives.dll', fileVersion: 10.0.19041.5007
C:\WINDOWS\SYSTEM32\kernel.appcore.dll:kernel.appcore.dll (00007FFD37DF0000), size: 73728 (result: 0), SymType: '-nosymbols-', PDB: 'C:\WINDOWS\SYSTEM32\kernel.appcore.dll', fileVersion: 10.0.19041.3758
C:\WINDOWS\system32\uxtheme.dll:uxtheme.dll (00007FFD37A00000), size: 647168 (result: 0), SymType: '-nosymbols-', PDB: 'C:\WINDOWS\system32\uxtheme.dll', fileVersion: 10.0.19041.5794
C:\WINDOWS\SYSTEM32\windows.storage.dll:windows.storage.dll (00007FFD380D0000), size: 8015872 (result: 0), SymType: '-exported-', PDB: 'C:\WINDOWS\SYSTEM32\windows.storage.dll', fileVersion: 10.0.19041.6456
C:\WINDOWS\SYSTEM32\Wldp.dll:Wldp.dll (00007FFD39990000), size: 176128 (result: 0), SymType: '-exported-', PDB: 'C:\WINDOWS\SYSTEM32\Wldp.dll', fileVersion: 10.0.19041.5794
C:\WINDOWS\System32\SHCORE.dll:SHCORE.dll (00007FFD3AFA0000), size: 708608 (result: 0), SymType: '-exported-', PDB: 'C:\WINDOWS\System32\SHCORE.dll', fileVersion: 10.0.19041.5794
C:\WINDOWS\SYSTEM32\profapi.dll:profapi.dll (00007FFD39F70000), size: 147456 (result: 0), SymType: '-nosymbols-', PDB: 'C:\WINDOWS\SYSTEM32\profapi.dll', fileVersion: 10.0.19041.6033
C:\WINDOWS\system32\IconCodecService.dll:IconCodecService.dll (00007FFD32360000), size: 36864 (result: 0), SymType: '-nosymbols-', PDB: 'C:\WINDOWS\system32\IconCodecService.dll', fileVersion: 10.0.19041.1
C:\WINDOWS\SYSTEM32\WindowsCodecs.dll:WindowsCodecs.dll (00007FFD37800000), size: 1794048 (result: 0), SymType: '-exported-', PDB: 'C:\WINDOWS\SYSTEM32\WindowsCodecs.dll', fileVersion: 10.0.19041.6456
C:\WINDOWS\System32\clbcatq.dll:clbcatq.dll (00007FFD3B3F0000), size: 692224 (result: 0), SymType: '-exported-', PDB: 'C:\WINDOWS\System32\clbcatq.dll', fileVersion: 2001.12.10941.16384
C:\WINDOWS\System32\netprofm.dll:netprofm.dll (00007FFD36E10000), size: 258048 (result: 0), SymType: '-exported-', PDB: 'C:\WINDOWS\System32\netprofm.dll', fileVersion: 10.0.19041.4355
C:\WINDOWS\System32\npmproxy.dll:npmproxy.dll (00007FFD336C0000), size: 65536 (result: 0), SymType: '-exported-', PDB: 'C:\WINDOWS\System32\npmproxy.dll', fileVersion: 10.0.19041.4239
C:\WINDOWS\System32\NSI.dll:NSI.dll (00007FFD3B390000), size: 32768 (result: 0), SymType: '-exported-', PDB: 'C:\WINDOWS\System32\NSI.dll', fileVersion: 10.0.19041.3636
C:\WINDOWS\SYSTEM32\dhcpcsvc6.DLL:dhcpcsvc6.DLL (00007FFD34740000), size: 94208 (result: 0), SymType: '-exported-', PDB: 'C:\WINDOWS\SYSTEM32\dhcpcsvc6.DLL', fileVersion: 10.0.19041.3636
C:\WINDOWS\SYSTEM32\dhcpcsvc.DLL:dhcpcsvc.DLL (00007FFD34DB0000), size: 118784 (result: 0), SymType: '-exported-', PDB: 'C:\WINDOWS\SYSTEM32\dhcpcsvc.DLL', fileVersion: 10.0.19041.3636
C:\WINDOWS\SYSTEM32\DNSAPI.dll:DNSAPI.dll (00007FFD39410000), size: 827392 (result: 0), SymType: '-exported-', PDB: 'C:\WINDOWS\SYSTEM32\DNSAPI.dll', fileVersion: 10.0.19041.5369
C:\WINDOWS\system32\napinsp.dll:napinsp.dll (00007FFCF60B0000), size: 94208 (result: 0), SymType: '-exported-', PDB: 'C:\WINDOWS\system32\napinsp.dll', fileVersion: 10.0.19041.3636
C:\WINDOWS\system32\pnrpnsp.dll:pnrpnsp.dll (00007FFCF6090000), size: 110592 (result: 0), SymType: '-exported-', PDB: 'C:\WINDOWS\system32\pnrpnsp.dll', fileVersion: 10.0.19041.3636
C:\WINDOWS\system32\wshbth.dll:wshbth.dll (00007FFD1A9F0000), size: 118784 (result: 0), SymType: '-exported-', PDB: 'C:\WINDOWS\system32\wshbth.dll', fileVersion: 10.0.19041.5848
C:\WINDOWS\system32\NLAapi.dll:NLAapi.dll (00007FFD371B0000), size: 118784 (result: 0), SymType: '-exported-', PDB: 'C:\WINDOWS\system32\NLAapi.dll', fileVersion: 10.0.19041.6456
C:\WINDOWS\System32\winrnr.dll:winrnr.dll (00007FFCF6070000), size: 73728 (result: 0), SymType: '-exported-', PDB: 'C:\WINDOWS\System32\winrnr.dll', fileVersion: 10.0.19041.3636
C:\WINDOWS\System32\fwpuclnt.dll:fwpuclnt.dll (00007FFD2D7E0000), size: 524288 (result: 0), SymType: '-exported-', PDB: 'C:\WINDOWS\System32\fwpuclnt.dll', fileVersion: 10.0.19041.6328
C:\Windows\System32\rasadhlp.dll:rasadhlp.dll (00007FFD2C950000), size: 40960 (result: 0), SymType: '-exported-', PDB: 'C:\Windows\System32\rasadhlp.dll', fileVersion: 10.0.19041.6328
C:\Program Files\Unity 2022.3.62f3\Editor\NVUnityPlugin.DLL:NVUnityPlugin.DLL (00007FFCEB280000), size: 1609728 (result: 0), SymType: '-exported-', PDB: 'C:\Program Files\Unity 2022.3.62f3\Editor\NVUnityPlugin.DLL'
C:\Program Files\Unity 2022.3.62f3\Editor\Data\Tools\astcenc-avx2.dll:astcenc-avx2.dll (00007FFCEFCF0000), size: 540672 (result: 0), SymType: '-exported-', PDB: 'C:\Program Files\Unity 2022.3.62f3\Editor\Data\Tools\astcenc-avx2.dll'
C:\WINDOWS\System32\MMDevApi.dll:MMDevApi.dll (00007FFD34210000), size: 544768 (result: 0), SymType: '-exported-', PDB: 'C:\WINDOWS\System32\MMDevApi.dll', fileVersion: 10.0.19041.5915
C:\WINDOWS\System32\DEVOBJ.dll:DEVOBJ.dll (00007FFD39CF0000), size: 208896 (result: 0), SymType: '-exported-', PDB: 'C:\WINDOWS\System32\DEVOBJ.dll', fileVersion: 10.0.19041.5794
C:\WINDOWS\SYSTEM32\d3d11.dll:d3d11.dll (00007FFD35F40000), size: 2506752 (result: 0), SymType: '-exported-', PDB: 'C:\WINDOWS\SYSTEM32\d3d11.dll', fileVersion: 10.0.19041.5794
C:\WINDOWS\SYSTEM32\dxgi.dll:dxgi.dll (00007FFD388C0000), size: 1007616 (result: 0), SymType: '-deferred-', PDB: '', fileVersion: 10.0.19041.5794
C:\WINDOWS\System32\DriverStore\FileRepository\nvmd.inf_amd64_1408eaf9a25ed64f\nvldumdx.dll:nvldumdx.dll (00007FFD30CF0000), size: 1056768 (result: 0), SymType: '-deferred-', PDB: '', fileVersion: 27.21.14.5751
C:\WINDOWS\SYSTEM32\cryptnet.dll:cryptnet.dll (00007FFD34760000), size: 200704 (result: 0), SymType: '-deferred-', PDB: '', fileVersion: 10.0.19041.3636
C:\WINDOWS\SYSTEM32\cryptbase.dll:cryptbase.dll (00007FFD39900000), size: 49152 (result: 0), SymType: '-deferred-', PDB: '', fileVersion: 10.0.19041.3636
C:\WINDOWS\System32\imagehlp.dll:imagehlp.dll (00007FFD3B3A0000), size: 118784 (result: 0), SymType: '-deferred-', PDB: '', fileVersion: 10.0.19041.3636
C:\WINDOWS\SYSTEM32\CRYPTSP.dll:CRYPTSP.dll (00007FFD398E0000), size: 98304 (result: 0), SymType: '-deferred-', PDB: '', fileVersion: 10.0.19041.5856
C:\WINDOWS\system32\rsaenh.dll:rsaenh.dll (00007FFD39010000), size: 229376 (result: 0), SymType: '-deferred-', PDB: '', fileVersion: 10.0.19041.6093
C:\WINDOWS\System32\DriverStore\FileRepository\nvmd.inf_amd64_1408eaf9a25ed64f\nvwgf2umx.dll:nvwgf2umx.dll (00007FFCDD200000), size: 44830720 (result: 0), SymType: '-exported-', PDB: 'C:\WINDOWS\System32\DriverStore\FileRepository\nvmd.inf_amd64_1408eaf9a25ed64f\nvwgf2umx.dll', fileVersion: 27.21.14.5751
C:\WINDOWS\SYSTEM32\dxcore.dll:dxcore.dll (00007FFD31810000), size: 241664 (result: 0), SymType: '-exported-', PDB: 'C:\WINDOWS\SYSTEM32\dxcore.dll', fileVersion: 10.0.19041.5794
C:\Program Files\Unity 2022.3.62f3\Editor\cudart64_90.dll:cudart64_90.dll (00007FFCF1590000), size: 397312 (result: 0), SymType: '-exported-', PDB: 'C:\Program Files\Unity 2022.3.62f3\Editor\cudart64_90.dll', fileVersion: 6.14.11.9000
C:\WINDOWS\SYSTEM32\opencl.dll:opencl.dll (00007FFCE4170000), size: 1474560 (result: 0), SymType: '-exported-', PDB: 'C:\WINDOWS\SYSTEM32\opencl.dll', fileVersion: 3.0.1.0
C:\Program Files\Unity 2022.3.62f3\Editor\radeonrays.dll:radeonrays.dll (00007FFCEF860000), size: 557056 (result: 0), SymType: '-exported-', PDB: 'C:\Program Files\Unity 2022.3.62f3\Editor\radeonrays.dll'
C:\Program Files\Unity 2022.3.62f3\Editor\Data\MonoBleedingEdge\EmbedRuntime\mono-2.0-bdwgc.dll:mono-2.0-bdwgc.dll (00007FFCC4580000), size: 10825728 (result: 0), SymType: 'PDB', PDB: 'C:\Program Files\Unity 2022.3.62f3\Editor\mono-2.0-bdwgc.pdb'
C:\WINDOWS\SYSTEM32\dbghelp.dll:dbghelp.dll (00007FFD2A090000), size: 2101248 (result: 0), SymType: '-exported-', PDB: 'C:\WINDOWS\SYSTEM32\dbghelp.dll', fileVersion: 10.0.19041.5848
C:\WINDOWS\System32\psapi.dll:psapi.dll (00007FFD3C960000), size: 32768 (result: 0), SymType: '-deferred-', PDB: '', fileVersion: 10.0.19041.3636
0x00007FF739C1D460 (Unity) EditorMonoConsole::LogToConsoleImplementation
0x00007FF739C1DE4C (Unity) EditorMonoConsole::LogToConsoleImplementation
0x00007FF73A8B0C5F (Unity) DebugStringToFilePostprocessedStacktrace
0x00007FF73A8B03BA (Unity) DebugStringToFile
0x00007FF738A3F846 (Unity) MemoryManager::OutOfMemoryError
0x00007FF738A38E8A (Unity) MemoryManager::Allocate
0x00007FF738A431AE (Unity) malloc_internal
0x00007FF7382936F7 (Unity) core::StringStorageDefault<char>::grow
0x00007FF7382923FA (Unity) core::StringStorageDefault<char>::assign
0x00007FF73911FD37 (Unity) MonoManager::LoadAssemblyInMemoryAndDomain
0x00007FF73911F231 (Unity) MonoManager::LoadAssembly
0x00007FF73911F049 (Unity) MonoManager::LoadAssemblies
0x00007FF73911E70C (Unity) MonoManager::LoadAllAssembliesAndSetupDomain
0x00007FF73912150C (Unity) MonoManager::ReloadAssembly
0x00007FF73A0A375B (Unity) LoadDomainAndUserAssemblies
0x00007FF73A57BC34 (Unity) WorkerDomainReloadV2
0x00007FF73A59C33F (Unity) <lambda_bd9feab06dbba294185f397e54dade9c>::operator()
0x00007FF73A5D8812 (Unity) asio::detail::completion_handler<core::mutable_function<void __cdecl(void)>,asio::io_context::basic_executor_type<std::allocator<void>,0> >::do_complete
0x00007FF73A5C47BE (Unity) asio::detail::win_iocp_io_context::do_one
0x00007FF73A5C63EE (Unity) asio::detail::win_iocp_io_context::run
0x00007FF73A5D6BBC (Unity) IOService::Run
0x00007FF73A5A9FFF (Unity) AssetImportWorkerClient::Run
0x00007FF73A5757E7 (Unity) RunAssetImportWorkerClientV2
0x00007FF73A57586B (Unity) RunAssetImporterV2
0x00007FF739D8DE2E (Unity) Application::InitializeProject
0x00007FF73A209015 (Unity) WinMain
0x00007FF73B5CB3EE (Unity) __scrt_common_main_seh
  ERROR: SymGetSymFromAddr64, GetLastError: 'Попытка обращения к неверному адресу.' (Address: 00007FFD3B4B7374)
0x00007FFD3B4B7374 (KERNEL32) (function-name not available)
0x00007FFD3C9FCC91 (ntdll) RtlUserThreadStart

========== END OF STACKTRACE ===========

A crash has been intercepted by the crash handler. For call stack and other details, see the latest crash report generated in:
 * C:/Users/Pupil1/AppData/Local/Temp/Unity/Editor/Crashes
